#-----------------------------------------------------------
# Vivado v2026.1 (64-bit)
# SW Build 6511674 on Tue Jun 16 11:01:26 MDT 2026
# IP Build 6504888 on Tue Jun 09 09:05:25 MDT 2026
# SharedData Build 6501428 on Mon Jun 08 17:34:18 MDT 2026
# Start of session at: Wed Aug 26 22:49:15 2026
# Process ID         : 172707
# Current directory  : /home/jerry/DDS/DDS.runs/impl_1
# Command line       : vivado -log Top_Module.vdi -applog -product Vivado -messageDb vivado.pb -mode batch -source Top_Module.tcl -notrace
# Log file           : /home/jerry/DDS/DDS.runs/impl_1/Top_Module.vdi
# Journal file       : /home/jerry/DDS/DDS.runs/impl_1/vivado.jou
# Running On         : fedora
# Platform           : Fedora
# Operating System   : Fedora Linux 43 (KDE Plasma Desktop Edition)
# Processor Detail   : AMD Ryzen AI 5 340 w/ Radeon 840M
# CPU Frequency      : 4846.381 MHz
# CPU Physical cores : 6
# CPU Logical cores  : 12
# Host memory        : 16000 MB
# Swap memory        : 8589 MB
# Total Virtual      : 24590 MB
# Available Virtual  : 3404 MB
#-----------------------------------------------------------
source Top_Module.tcl -notrace
